node.exe : 
At line:1 char:1
+ & "C:\Program Files\nodejs/node.exe" "C:\Program Files\nodejs/node_mo ...
+ ~~~~~~~~~~~~~~~~~~~~~~~~~~~~~~~~~~~~~~~~~~~~~~~~~~~~~~~~~~~~~~~~~~~~~
    + CategoryInfo          : NotSpecified: (:String) [], RemoteException
    + FullyQualifiedErrorId : NativeCommandError
 
Failed to compile.

./src/app/dashboard/page.tsx
100:15  Warning: Using `<img>` could result in slower LCP and higher bandwidth. Consider using `<Image />` from 
`next/image` to automatically optimize images. This may incur additional usage or cost from your provider. See: 
https://nextjs.org/docs/messages/no-img-element  @next/next/no-img-element
384:23  Warning: Using `<img>` could result in slower LCP and higher bandwidth. Consider using `<Image />` from 
`next/image` to automatically optimize images. This may incur additional usage or cost from your provider. See: 
https://nextjs.org/docs/messages/no-img-element  @next/next/no-img-element

./src/app/discovery/page.tsx
40:8  Warning: React Hook useEffect has a missing dependency: 'router'. Either include it or remove the dependency 
array.  react-hooks/exhaustive-deps

./src/app/manga/read/[chapterId]/page.tsx
215:33  Warning: Using `<img>` could result in slower LCP and higher bandwidth. Consider using `<Image />` from 
`next/image` to automatically optimize images. This may incur additional usage or cost from your provider. See: 
https://nextjs.org/docs/messages/no-img-element  @next/next/no-img-element
230:119  Error: `'` can be escaped with `&apos;`, `&lsquo;`, `&#39;`, `&rsquo;`.  react/no-unescaped-entities
264:25  Warning: Using `<img>` could result in slower LCP and higher bandwidth. Consider using `<Image />` from 
`next/image` to automatically optimize images. This may incur additional usage or cost from your provider. See: 
https://nextjs.org/docs/messages/no-img-element  @next/next/no-img-element

./src/components/chat/ChatWindow.tsx
261:8  Warning: React Hook useEffect has a missing dependency: 'refreshUnreadCount'. Either include it or remove the 
dependency array.  react-hooks/exhaustive-deps

./src/components/chat/ConversationSidebar.tsx
127:8  Warning: React Hook useEffect has a missing dependency: 'user?.id'. Either include it or remove the dependency 
array.  react-hooks/exhaustive-deps

./src/components/chat/MessageInput.tsx
181:37  Warning: Using `<img>` could result in slower LCP and higher bandwidth. Consider using `<Image />` from 
`next/image` to automatically optimize images. This may incur additional usage or cost from your provider. See: 
https://nextjs.org/docs/messages/no-img-element  @next/next/no-img-element

./src/components/chat/StickerPicker.tsx
31:25  Warning: Using `<img>` could result in slower LCP and higher bandwidth. Consider using `<Image />` from 
`next/image` to automatically optimize images. This may incur additional usage or cost from your provider. See: 
https://nextjs.org/docs/messages/no-img-element  @next/next/no-img-element

./src/components/common/UserAvatar.tsx
71:17  Warning: Using `<img>` could result in slower LCP and higher bandwidth. Consider using `<Image />` from 
`next/image` to automatically optimize images. This may incur additional usage or cost from your provider. See: 
https://nextjs.org/docs/messages/no-img-element  @next/next/no-img-element

./src/components/discovery/DiscoveryFeed.tsx
180:33  Warning: Using `<img>` could result in slower LCP and higher bandwidth. Consider using `<Image />` from 
`next/image` to automatically optimize images. This may incur additional usage or cost from your provider. See: 
https://nextjs.org/docs/messages/no-img-element  @next/next/no-img-element

./src/components/manga/MangaDetailsClient.tsx
42:8  Warning: React Hook useEffect has a missing dependency: 'checkStatus'. Either include it or remove the 
dependency array.  react-hooks/exhaustive-deps

./src/components/news/CommentSection.tsx
76:8  Warning: React Hook useEffect has missing dependencies: 'fetchComments' and 'fetchFriends'. Either include them 
or remove the dependency array.  react-hooks/exhaustive-deps
291:29  Warning: Using `<img>` could result in slower LCP and higher bandwidth. Consider using `<Image />` from 
`next/image` to automatically optimize images. This may incur additional usage or cost from your provider. See: 
https://nextjs.org/docs/messages/no-img-element  @next/next/no-img-element

./src/components/news/NewsFeed.tsx
225:29  Warning: Using `<img>` could result in slower LCP and higher bandwidth. Consider using `<Image />` from 
`next/image` to automatically optimize images. This may incur additional usage or cost from your provider. See: 
https://nextjs.org/docs/messages/no-img-element  @next/next/no-img-element

./src/components/news/ShareNewsModal.tsx
157:57  Warning: Using `<img>` could result in slower LCP and higher bandwidth. Consider using `<Image />` from 
`next/image` to automatically optimize images. This may incur additional usage or cost from your provider. See: 
https://nextjs.org/docs/messages/no-img-element  @next/next/no-img-element

./src/components/Notifications/NotificationBell.tsx
68:8  Warning: React Hook useEffect has a missing dependency: 'playNotif'. Either include it or remove the dependency 
array.  react-hooks/exhaustive-deps
169:25  Warning: Using `<img>` could result in slower LCP and higher bandwidth. Consider using `<Image />` from 
`next/image` to automatically optimize images. This may incur additional usage or cost from your provider. See: 
https://nextjs.org/docs/messages/no-img-element  @next/next/no-img-element

./src/components/profile/ImageUpload.tsx
83:17  Warning: Using `<img>` could result in slower LCP and higher bandwidth. Consider using `<Image />` from 
`next/image` to automatically optimize images. This may incur additional usage or cost from your provider. See: 
https://nextjs.org/docs/messages/no-img-element  @next/next/no-img-element

./src/components/streaming/EpisodeGrid.tsx
49:33  Warning: Using `<img>` could result in slower LCP and higher bandwidth. Consider using `<Image />` from 
`next/image` to automatically optimize images. This may incur additional usage or cost from your provider. See: 
https://nextjs.org/docs/messages/no-img-element  @next/next/no-img-element

./src/components/streaming/StreamingContainer.tsx
36:8  Warning: React Hook useEffect has a missing dependency: 'fetchAnimeData'. Either include it or remove the 
dependency array.  react-hooks/exhaustive-deps

./src/components/streaming/StreamingPlayer.tsx
26:8  Warning: React Hook useEffect has a missing dependency: 'fetchSources'. Either include it or remove the 
dependency array.  react-hooks/exhaustive-deps
89:8  Warning: React Hook useEffect has a missing dependency: 'initializePlayer'. Either include it or remove the 
dependency array.  react-hooks/exhaustive-deps

./src/contexts/SocketContext.tsx
152:8  Warning: React Hook useEffect has a missing dependency: 'socket'. Either include it or remove the dependency 
array.  react-hooks/exhaustive-deps

info  - Need to disable some ESLint rules? Learn more here: 
https://nextjs.org/docs/basic-features/eslint#disabling-rules
